exports[`App component renders correctly with min params 1`] = `
<div>
  <div
    className="header">
    <div
      className="header__logo container">
      <Unknown />
    </div>
  </div>
  <div
    className="container section">
    <div
      className="last-updated">
      <p
        className="u-text-uppercase">
        Now Playing
      </p>
      <Unknown
        lastUpdated={23525345345} />
    </div>
    <Connect(Component) />
    <Connect(Component) />
  </div>
</div>
`;
