// Jest Snapshot v1, https://goo.gl/fbAQLP

exports[`App component renders correctly with min params 1`] = `
<div>
  <div
    className="header"
  >
    <div
      className="header__logo container"
    >
      <div />
    </div>
  </div>
  <div
    className="container section"
  >
    <div
      className="last-updated"
    >
      <p
        className="u-text-uppercase"
      >
        Now Playing
      </p>
      <div
        lastUpdated={23525345345}
      />
    </div>
    <div />
    <div />
  </div>
</div>
`;
